Godot Engine v4.7.2.stable.official.ed1daf0bf - https://godotengine.org

[   0% ] first_scan_filesystem | Started 项目初始化 (5 steps)
[  16% ] first_scan_filesystem | 正在加载全局类名……
[  33% ] first_scan_filesystem | 正在校验 GDExtension……
[  50% ] first_scan_filesystem | 正在创建自动加载脚本……
[  66% ] first_scan_filesystem | 正在初始化插件……
[  83% ] first_scan_filesystem | 正在启动文件扫描……
[ DONE ] first_scan_filesystem

[   0% ] update_scripts_classes | Started 正在注册全局类…… (71 steps)
[   0% ] update_scripts_classes |
[   1% ] update_scripts_classes |
[   2% ] update_scripts_classes |
[   4% ] update_scripts_classes |
[   5% ] update_scripts_classes |
[   6% ] update_scripts_classes |
[   8% ] update_scripts_classes |
[   9% ] update_scripts_classes |
[  11% ] update_scripts_classes |
[  12% ] update_scripts_classes |
[  13% ] update_scripts_classes |
[  15% ] update_scripts_classes |
[  16% ] update_scripts_classes |
[  18% ] update_scripts_classes |
[  19% ] update_scripts_classes |
[  20% ] update_scripts_classes |
[  22% ] update_scripts_classes |
[  23% ] update_scripts_classes |
[  25% ] update_scripts_classes |
[  26% ] update_scripts_classes |
[  27% ] update_scripts_classes |
[  29% ] update_scripts_classes |
[  30% ] update_scripts_classes |
[  31% ] update_scripts_classes |
[  33% ] update_scripts_classes |
[  34% ] update_scripts_classes |
[  36% ] update_scripts_classes |
[  37% ] update_scripts_classes |
[  38% ] update_scripts_classes |
[  40% ] update_scripts_classes |
[  41% ] update_scripts_classes |
[  43% ] update_scripts_classes |
[  44% ] update_scripts_classes |
[  45% ] update_scripts_classes |
[  47% ] update_scripts_classes |
[  48% ] update_scripts_classes |
[  50% ] update_scripts_classes |
[  51% ] update_scripts_classes |
[  52% ] update_scripts_classes | InputSettings
[  54% ] update_scripts_classes |
[  55% ] update_scripts_classes |
[  56% ] update_scripts_classes | CardDef
[  58% ] update_scripts_classes | ChapterManifest
[  59% ] update_scripts_classes | EncounterDef
[  61% ] update_scripts_classes | EvidenceEvaluator
[  62% ] update_scripts_classes | ExperimentDef
[  63% ] update_scripts_classes | ExperimentModel
[  65% ] update_scripts_classes | GameContent
[  66% ] update_scripts_classes | GameSession
[  68% ] update_scripts_classes | KnowledgeDef
[  69% ] update_scripts_classes | ModelBattle
[  70% ] update_scripts_classes | RuntimePaths
[  72% ] update_scripts_classes | SaveStore
[  73% ] update_scripts_classes | SaveValidator
[  75% ] update_scripts_classes |
[  76% ] update_scripts_classes |
[  77% ] update_scripts_classes |
[  79% ] update_scripts_classes |
[  80% ] update_scripts_classes |
[  81% ] update_scripts_classes |
[  83% ] update_scripts_classes |
[  84% ] update_scripts_classes |
[  86% ] update_scripts_classes |
[  87% ] update_scripts_classes |
[  88% ] update_scripts_classes |
[  90% ] update_scripts_classes | GameUI
[  91% ] update_scripts_classes |
[  93% ] update_scripts_classes |
[  94% ] update_scripts_classes |
[  95% ] update_scripts_classes | PixelActor
[  97% ] update_scripts_classes | WorldProp
[ DONE ] update_scripts_classes

[   0% ] _update_scan_actions | Started 正在扫描动作…… (3 steps)
[   0% ] _update_scan_actions | confirm.wav
[  25% ] _update_scan_actions | NotoSansCJKsc-Regular.otf
[  50% ] _update_scan_actions | tiles.png
[ DONE ] _update_scan_actions

[   0% ] reimport | Started 正在导入或重新导入资产 (3 steps)
[   0% ] reimport | 正在准备重新导入文件……
[  25% ] reimport | 正在准备重新导入文件……
[  50% ] reimport | 正在准备重新导入文件……
[   0% ] reimport | 正在执行重新导入的前置操作……
[   0% ] reimport | NotoSansCJKsc-Regular.otf
[  25% ] reimport | tiles.png
[  50% ] reimport | confirm.wav
[  75% ] reimport | 正在结束资产导入……
[ DONE ] reimport

[   0% ] reimport | Started 正在导入或重新导入资产 (3 steps)
[   0% ] reimport | 正在执行重新导入的后置操作……
[ DONE ] reimport

[   0% ] loading_editor_layout | Started 正在加载编辑器 (5 steps)
[   0% ] loading_editor_layout | 正在加载编辑器布局……
[  16% ] loading_editor_layout | 正在加载停靠面板……
[ DONE ] loading_editor_layout
