Godot Engine v4.7.2.stable.official.ed1daf0bf - https://godotengine.org

V03_SCENE_LAYOUT (960, 540) show_paper [P: (24.0, 18.9), S: (912.0, 502.2)]
V03_SCENE_LAYOUT (960, 540) show_rig [P: (24.0, 18.9), S: (912.0, 502.2)]
V03_SCENE_LAYOUT (960, 540) show_settings [P: (24.0, 18.9), S: (912.0, 502.2)]
V03_SCENE_LAYOUT (960, 540) show_archive [P: (24.0, 18.9), S: (912.0, 502.2)]
V03_SCENE_LAYOUT (960, 540) show_cycle [P: (24.0, 18.9), S: (912.0, 502.2)]
V03_SCENE_LAYOUT (960, 540) show_notebook [P: (24.0, 18.9), S: (912.0, 502.2)]
V03_SCENE_LAYOUT (960, 540) show_ending [P: (24.0, 18.9), S: (912.0, 502.2)]
V03_SCENE_LAYOUT (1280, 720) show_paper [P: (32.0, 25.2), S: (1216.0, 669.6)]
V03_SCENE_LAYOUT (1280, 720) show_rig [P: (32.0, 25.2), S: (1216.0, 669.6)]
V03_SCENE_LAYOUT (1280, 720) show_settings [P: (32.0, 25.2), S: (1216.0, 669.6)]
V03_SCENE_LAYOUT (1280, 720) show_archive [P: (32.0, 25.2), S: (1216.0, 669.6)]
V03_SCENE_LAYOUT (1280, 720) show_cycle [P: (32.0, 25.2), S: (1216.0, 669.6)]
V03_SCENE_LAYOUT (1280, 720) show_notebook [P: (32.0, 25.2), S: (1216.0, 669.6)]
V03_SCENE_LAYOUT (1280, 720) show_ending [P: (32.0, 25.2), S: (1216.0, 669.6)]
V03_SCENE_LAYOUT (1366, 768) show_paper [P: (34.15, 26.88), S: (1297.7, 714.24)]
V03_SCENE_LAYOUT (1366, 768) show_rig [P: (34.15, 26.88), S: (1297.7, 714.24)]
V03_SCENE_LAYOUT (1366, 768) show_settings [P: (34.15, 26.88), S: (1297.7, 714.24)]
V03_SCENE_LAYOUT (1366, 768) show_archive [P: (34.15, 26.88), S: (1297.7, 714.24)]
V03_SCENE_LAYOUT (1366, 768) show_cycle [P: (34.15, 26.88), S: (1297.7, 714.24)]
V03_SCENE_LAYOUT (1366, 768) show_notebook [P: (34.15, 26.88), S: (1297.7, 714.24)]
V03_SCENE_LAYOUT (1366, 768) show_ending [P: (34.15, 26.88), S: (1297.7, 714.24)]
V03_SCENE_LAYOUT (1920, 1080) show_paper [P: (48.0, 37.8), S: (1824.0, 1004.4)]
V03_SCENE_LAYOUT (1920, 1080) show_rig [P: (48.0, 37.8), S: (1824.0, 1004.4)]
V03_SCENE_LAYOUT (1920, 1080) show_settings [P: (48.0, 37.8), S: (1824.0, 1004.4)]
V03_SCENE_LAYOUT (1920, 1080) show_archive [P: (48.0, 37.8), S: (1824.0, 1004.4)]
V03_SCENE_LAYOUT (1920, 1080) show_cycle [P: (48.0, 37.8), S: (1824.0, 1004.4)]
V03_SCENE_LAYOUT (1920, 1080) show_notebook [P: (48.0, 37.8), S: (1824.0, 1004.4)]
V03_SCENE_LAYOUT (1920, 1080) show_ending [P: (48.0, 37.8), S: (1824.0, 1004.4)]
V03_SCENE_CHECKS failures=0
