Godot Engine v4.7.2.stable.official.ed1daf0bf - https://godotengine.org
OpenGL API 3.3.0 NVIDIA 596.08 - Compatibility - Using Device: NVIDIA - NVIDIA GeForce RTX 4070 Laptop GPU

V03 INPUT START: accept
V03 INPUT STEP 0 {"id":"NewGame","kind":"button"} state=paper tick=0
V03 INPUT STEP 1 {"id":"paper","kind":"interact"} state=paper tick=3
V03 INPUT STEP 2 {"id":"PaperFlat","kind":"button"} state=paper tick=36
V03 INPUT STEP 3 {"id":"PaperRelease","kind":"button"} state=paper tick=36
V03 INPUT STEP 4 {"kind":"screenshot","name":"paper_falling"} state=paper tick=37
V03 INPUT STEP 5 {"kind":"until","path":"opening.phase","timeout":1800.0,"value":"landed"} state=paper tick=37
V03 INPUT STEP 6 {"frames":4.0,"kind":"wait"} state=paper tick=86
V03 INPUT STEP 7 {"id":"ClosePaper","kind":"button"} state=paper tick=86
V03 INPUT STEP 8 {"id":"to_corridor_1","kind":"interact"} state=paper tick=89
V03 INPUT STEP 9 {"id":"patrol","kind":"interact"} state=paper tick=170
V03 INPUT STEP 10 {"id":"Action_attack","kind":"button"} state=paper tick=203
V03 INPUT STEP 11 {"id":"Target_default","kind":"button"} state=paper tick=203
V03 INPUT STEP 12 {"id":"ConfirmAction","kind":"button"} state=paper tick=203
V03 INPUT STEP 13 {"id":"Action_attack","kind":"button"} state=paper tick=203
V03 INPUT STEP 14 {"id":"Target_default","kind":"button"} state=paper tick=203
V03 INPUT STEP 15 {"id":"ConfirmAction","kind":"button"} state=paper tick=203
V03 INPUT STEP 16 {"id":"EndTurn","kind":"button"} state=paper tick=203
V03 INPUT STEP 17 {"id":"Action_attack","kind":"button"} state=paper tick=203
V03 INPUT STEP 18 {"id":"Target_default","kind":"button"} state=paper tick=203
V03 INPUT STEP 19 {"id":"ConfirmAction","kind":"button"} state=paper tick=203
V03 INPUT STEP 20 {"id":"to_lab","kind":"interact"} state=rig tick=206
V03 INPUT STEP 21 {"id":"rig_demo","kind":"interact"} state=rig tick=247
V03 INPUT STEP 22 {"kind":"screenshot","name":"rig-experiment"} state=rig tick=351
V03 INPUT STEP 23 {"id":"CloseRig","kind":"button"} state=rig tick=351
V03 INPUT STEP 24 {"id":"hammer","kind":"interact"} state=rig tick=354
V03 INPUT STEP 25 {"kind":"screenshot","name":"hammer_intent"} state=rig tick=449
V03 INPUT STEP 26 {"id":"Action_raise","kind":"button"} state=rig tick=449
V03 INPUT STEP 27 {"id":"Target_right","kind":"button"} state=rig tick=449
V03 INPUT STEP 28 {"kind":"screenshot","name":"hammer_preview"} state=rig tick=449
V03 INPUT STEP 29 {"id":"ConfirmAction","kind":"button"} state=rig tick=449
V03 INPUT STEP 30 {"id":"Action_release_pair","kind":"button"} state=rig tick=449
V03 INPUT STEP 31 {"id":"Target_default","kind":"button"} state=rig tick=449
V03 INPUT STEP 32 {"id":"ConfirmAction","kind":"button"} state=rig tick=449
V03 INPUT STEP 33 {"id":"EndTurn","kind":"button"} state=rig tick=449
V03 INPUT STEP 34 {"id":"Action_attack","kind":"button"} state=rig tick=449
V03 INPUT STEP 35 {"id":"Target_default","kind":"button"} state=rig tick=449
V03 INPUT STEP 36 {"id":"ConfirmAction","kind":"button"} state=rig tick=449
V03 INPUT STEP 37 {"id":"Action_attack","kind":"button"} state=rig tick=449
V03 INPUT STEP 38 {"id":"Target_default","kind":"button"} state=rig tick=449
V03 INPUT STEP 39 {"id":"ConfirmAction","kind":"button"} state=rig tick=449
V03 INPUT STEP 40 {"id":"sync_bell","kind":"interact"} state=record_a tick=452
V03 INPUT STEP 41 {"id":"assist_a","kind":"interact"} state=record_a tick=564
V03 INPUT STEP 42 {"id":"wait","kind":"action"} state=record_a tick=689
V03 INPUT STEP 43 {"kind":"until","path":"attempt.phase","timeout":1800.0,"value":"success"} state=record_a tick=1223
V03 INPUT STEP 44 {"id":"to_corridor_3","kind":"interact"} state=record_a tick=1223
V03 INPUT STEP 45 {"id":"to_tower","kind":"interact"} state=record_a tick=1367
V03 INPUT STEP 46 {"id":"cycle_console","kind":"interact"} state=record_a tick=1449
V03 INPUT STEP 47 {"id":"SealCycle","kind":"button"} state=record_a tick=1487
V03 INPUT STEP 48 {"id":"to_corridor_1","kind":"interact"} state=record_b tick=3
V03 INPUT STEP 49 {"id":"to_storage","kind":"interact"} state=record_b tick=55
V03 INPUT STEP 50 {"id":"paper_barrier","kind":"interact"} state=record_b tick=207
V03 INPUT STEP 51 {"id":"to_corridor_2","kind":"interact"} state=record_b tick=308
V03 INPUT STEP 52 {"id":"to_lab","kind":"interact"} state=record_b tick=565
V03 INPUT STEP 53 {"id":"sync_bell","kind":"interact"} state=record_b tick=635
V03 INPUT STEP 54 {"id":"assist_b","kind":"interact"} state=record_b tick=668
V03 INPUT STEP 55 {"id":"wait","kind":"action"} state=record_b tick=793
V03 INPUT STEP 56 {"kind":"until","path":"attempt.phase","timeout":1800.0,"value":"success"} state=record_b tick=1207
V03 INPUT STEP 57 {"id":"to_corridor_3","kind":"interact"} state=record_b tick=1207
V03 INPUT STEP 58 {"id":"to_tower","kind":"interact"} state=record_b tick=1331
V03 INPUT STEP 59 {"id":"cycle_console","kind":"interact"} state=record_b tick=1413
V03 INPUT STEP 60 {"id":"SealCycle","kind":"button"} state=record_b tick=1451
V03 INPUT STEP 61 {"id":"to_corridor_1","kind":"interact"} state=joint tick=3
V03 INPUT STEP 62 {"id":"to_lab","kind":"interact"} state=joint tick=55
V03 INPUT STEP 63 {"id":"sync_bell","kind":"interact"} state=joint tick=125
V03 INPUT STEP 64 {"id":"lab_drop","kind":"interact"} state=joint tick=158
V03 INPUT STEP 65 {"id":"wait","kind":"action"} state=joint tick=216
V03 INPUT STEP 66 {"id":"lab_drop","kind":"interact"} state=joint tick=338
V03 INPUT STEP 67 {"kind":"screenshot","name":"joint_release"} state=joint tick=345
V03 INPUT STEP 68 {"kind":"until","path":"attempt.phase","timeout":1800.0,"value":"success"} state=joint tick=346
V03 INPUT STEP 69 {"kind":"screenshot","name":"joint_result"} state=joint tick=381
V03 INPUT STEP 70 {"frames":4.0,"kind":"wait"} state=joint tick=382
V03 INPUT STEP 71 {"id":"bellows","kind":"interact"} state=joint tick=385
V03 INPUT STEP 72 {"kind":"screenshot","name":"bellows-battle"} state=joint tick=479
V03 INPUT STEP 73 {"id":"Action_unfold","kind":"button"} state=joint tick=479
V03 INPUT STEP 74 {"id":"Target_paper","kind":"button"} state=joint tick=479
V03 INPUT STEP 75 {"id":"ConfirmAction","kind":"button"} state=joint tick=479
V03 INPUT STEP 76 {"id":"Action_release_pair","kind":"button"} state=joint tick=479
V03 INPUT STEP 77 {"id":"Target_default","kind":"button"} state=joint tick=479
V03 INPUT STEP 78 {"id":"ConfirmAction","kind":"button"} state=joint tick=479
V03 INPUT STEP 79 {"id":"EndTurn","kind":"button"} state=joint tick=479
V03 INPUT STEP 80 {"id":"Action_attack","kind":"button"} state=joint tick=479
V03 INPUT STEP 81 {"id":"Target_default","kind":"button"} state=joint tick=479
V03 INPUT STEP 82 {"id":"ConfirmAction","kind":"button"} state=joint tick=479
V03 INPUT STEP 83 {"id":"Action_attack","kind":"button"} state=joint tick=479
V03 INPUT STEP 84 {"id":"Target_default","kind":"button"} state=joint tick=479
V03 INPUT STEP 85 {"id":"ConfirmAction","kind":"button"} state=joint tick=479
V03 INPUT STEP 86 {"kind":"screenshot","name":"bellows_vacuum"} state=joint tick=479
V03 INPUT STEP 87 {"id":"EndTurn","kind":"button"} state=joint tick=479
V03 INPUT STEP 88 {"id":"Action_raise","kind":"button"} state=joint tick=479
V03 INPUT STEP 89 {"id":"Target_paper","kind":"button"} state=joint tick=479
V03 INPUT STEP 90 {"id":"ConfirmAction","kind":"button"} state=joint tick=479
V03 INPUT STEP 91 {"id":"Action_release_pair","kind":"button"} state=joint tick=479
V03 INPUT STEP 92 {"id":"Target_default","kind":"button"} state=joint tick=479
V03 INPUT STEP 93 {"id":"ConfirmAction","kind":"button"} state=joint tick=479
V03 INPUT STEP 94 {"id":"EndTurn","kind":"button"} state=joint tick=479
V03 INPUT STEP 95 {"id":"Action_attack","kind":"button"} state=joint tick=479
V03 INPUT STEP 96 {"id":"Target_default","kind":"button"} state=joint tick=479
V03 INPUT STEP 97 {"id":"ConfirmAction","kind":"button"} state=joint tick=479
V03 INPUT STEP 98 {"id":"Action_attack","kind":"button"} state=joint tick=479
V03 INPUT STEP 99 {"id":"Target_default","kind":"button"} state=joint tick=479
V03 INPUT STEP 100 {"id":"ConfirmAction","kind":"button"} state=joint tick=479
V03 INPUT STEP 101 {"id":"to_corridor_3","kind":"interact"} state=finale tick=482
V03 INPUT STEP 102 {"id":"to_archive","kind":"interact"} state=finale tick=624
V03 INPUT STEP 103 {"id":"archive_terminal","kind":"interact"} state=finale tick=716
V03 INPUT STEP 104 {"id":"AcceptFuture","kind":"button"} state=finale tick=744
V03 INPUT STEP 105 {"id":"ModelDrag","kind":"button"} state=finale tick=744
V03 INPUT STEP 106 {"id":"Forecast","kind":"button"} state=finale tick=744
V03 INPUT STEP 107 {"kind":"screenshot","name":"future_forecast"} state=finale tick=744
V03 INPUT STEP 108 {"id":"CloseArchive","kind":"button"} state=finale tick=744
V03 INPUT STEP 109 {"id":"fall_gate","kind":"interact"} state=finale tick=747
V03 INPUT STEP 110 {"frames":55.0,"kind":"wait"} state=finale tick=826
V03 INPUT STEP 111 {"id":"to_corridor_5","kind":"interact"} state=finale tick=881
V03 INPUT STEP 112 {"kind":"until","path":"mode","timeout":600.0,"value":"caught"} state=finale tick=957
V03 INPUT STEP 113 {"id":"RetryCheckpoint","kind":"button"} state=finale tick=1036
V03 INPUT STEP 114 {"kind":"assert","path":"finale.violations","value":1.0} state=finale tick=826
V03 INPUT STEP 115 {"frames":55.0,"kind":"wait"} state=finale tick=826
V03 INPUT STEP 116 {"id":"to_corridor_5","kind":"interact"} state=finale tick=881
V03 INPUT STEP 117 {"enabled":true,"kind":"auto_dodge"} state=finale tick=957
V03 INPUT STEP 118 {"kind":"move","x":224.0,"y":80.0} state=finale tick=957
V03 INPUT STEP 119 {"kind":"move","x":80.0,"y":80.0} state=finale tick=1067
V03 INPUT STEP 120 {"kind":"move","x":80.0,"y":260.0} state=finale tick=1154
V03 INPUT STEP 121 {"kind":"assert_chase"} state=finale tick=1237
V03 INPUT STEP 122 {"kind":"screenshot","name":"chase"} state=finale tick=1237
V03 INPUT STEP 123 {"kind":"assert_dodge"} state=finale tick=1238
V03 INPUT STEP 124 {"id":"to_tower","kind":"interact"} state=finale tick=1238
V03 INPUT STEP 125 {"id":"cycle_console","kind":"interact"} state=finale tick=1327
V03 INPUT STEP 126 {"kind":"assert","path":"completed","value":true} state=complete tick=1365
V03 INPUT STEP 127 {"kind":"screenshot","name":"ending-accept"} state=complete tick=1365
V03 INPUT: {"completed":true,"elapsed_ms":20949,"engine":"4.7.2-stable (official)","failures":[],"focus_log":[],"natural_focus_navigation":false,"persistence":{"checked":true,"completed":true,"file_sha256":"7ff41244fb32b372f6997c34a6563fb21a54914aea9002265c4d3c9db55ba1d4","passed":true,"path":"E:\\my_game\\Out-of-Syllabus\\reports\\v0.3/Out-of-Syllabus-exe-release-02-exe-render-1280x720/userdata/progress.json","source":"actual UI main save; no fallback or writes","validator_error":""},"route":"accept","screenshots":["E:\\my_game\\Out-of-Syllabus\\reports\\v0.3/Out-of-Syllabus-exe-release-02-exe-render-1280x720/paper_falling.png","E:\\my_game\\Out-of-Syllabus\\reports\\v0.3/Out-of-Syllabus-exe-release-02-exe-render-1280x720/rig-experiment.png","E:\\my_game\\Out-of-Syllabus\\reports\\v0.3/Out-of-Syllabus-exe-release-02-exe-render-1280x720/hammer_intent.png","E:\\my_game\\Out-of-Syllabus\\reports\\v0.3/Out-of-Syllabus-exe-release-02-exe-render-1280x720/hammer_preview.png","E:\\my_game\\Out-of-Syllabus\\reports\\v0.3/Out-of-Syllabus-exe-release-02-exe-render-1280x720/joint_release.png","E:\\my_game\\Out-of-Syllabus\\reports\\v0.3/Out-of-Syllabus-exe-release-02-exe-render-1280x720/joint_result.png","E:\\my_game\\Out-of-Syllabus\\reports\\v0.3/Out-of-Syllabus-exe-release-02-exe-render-1280x720/bellows-battle.png","E:\\my_game\\Out-of-Syllabus\\reports\\v0.3/Out-of-Syllabus-exe-release-02-exe-render-1280x720/bellows_vacuum.png","E:\\my_game\\Out-of-Syllabus\\reports\\v0.3/Out-of-Syllabus-exe-release-02-exe-render-1280x720/future_forecast.png","E:\\my_game\\Out-of-Syllabus\\reports\\v0.3/Out-of-Syllabus-exe-release-02-exe-render-1280x720/chase.png","E:\\my_game\\Out-of-Syllabus\\reports\\v0.3/Out-of-Syllabus-exe-release-02-exe-render-1280x720/ending-accept.png"],"steps":128,"suite":"v03-input","timing":{"note":"Retained Performance monitor samples, not independent frame stopwatch or human playtime","physics":{"max_ms":12.233,"mean_ms":3.17994971653939,"p95_ms":12.233,"samples":4057},"process":{"max_ms":91.697,"mean_ms":12.5004579738723,"p95_ms":30.25,"samples":4057},"wall_note":"Real process_frame intervals include screenshots, synchronous saves, fast-forward and all pauses. Fixed-fps scripted execution is not stable display FPS or human playtime.","wall_process_frame_intervals":{"max_ms":134.822,"mean_ms":5.14551515898446,"p95_ms":4.64,"samples":4057}}}
