Godot Engine v4.7.2.stable.official.ed1daf0bf - https://godotengine.org

[   0% ] first_scan_filesystem | Started 项目初始化 (5 steps)
[   0% ] first_scan_filesystem | 正在扫描文件结构……
[  16% ] first_scan_filesystem | 正在加载全局类名……
[  33% ] first_scan_filesystem | 正在校验 GDExtension……
[  50% ] first_scan_filesystem | 正在创建自动加载脚本……
[  66% ] first_scan_filesystem | 正在初始化插件……
[  83% ] first_scan_filesystem | 正在启动文件扫描……
[ DONE ] first_scan_filesystem

[   0% ] savepack | Started 打包中 (102 steps)
[   1% ] savepack | 正在保存文件：res://addons/godot_forge/core/context.gdc
[   1% ] savepack | 正在保存文件：res://addons/godot_forge/core/input_spec.gdc
[   2% ] savepack | 正在保存文件：res://addons/godot_forge/core/logger_capture.gdc
[   2% ] savepack | 正在保存文件：res://addons/godot_forge/core/router.gdc
[   3% ] savepack | 正在保存文件：res://addons/godot_forge/core/util.gdc
[   4% ] savepack | 正在保存文件：res://addons/godot_forge/core/ws_server.gdc
[   4% ] savepack | 正在保存文件：res://addons/godot_forge/handlers/animation.gdc
[   5% ] savepack | 正在保存文件：res://addons/godot_forge/handlers/assets.gdc
[   5% ] savepack | 正在保存文件：res://addons/godot_forge/handlers/audio.gdc
[   6% ] savepack | 正在保存文件：res://addons/godot_forge/handlers/base.gdc
[   7% ] savepack | 正在保存文件：res://addons/godot_forge/handlers/changes.gdc
[   7% ] savepack | 正在保存文件：res://addons/godot_forge/handlers/editor.gdc
[   8% ] savepack | 正在保存文件：res://addons/godot_forge/handlers/exec.gdc
[   8% ] savepack | 正在保存文件：res://addons/godot_forge/handlers/export.gdc
[   9% ] savepack | 正在保存文件：res://addons/godot_forge/handlers/files.gdc
[  10% ] savepack | 正在保存文件：res://addons/godot_forge/handlers/game.gdc
[  10% ] savepack | 正在保存文件：res://addons/godot_forge/handlers/introspect.gdc
[  11% ] savepack | 正在保存文件：res://addons/godot_forge/handlers/navigation.gdc
[  12% ] savepack | 正在保存文件：res://addons/godot_forge/handlers/node.gdc
[  12% ] savepack | 正在保存文件：res://addons/godot_forge/handlers/particles.gdc
[  13% ] savepack | 正在保存文件：res://addons/godot_forge/handlers/physics.gdc
[  13% ] savepack | 正在保存文件：res://addons/godot_forge/handlers/project.gdc
[  14% ] savepack | 正在保存文件：res://addons/godot_forge/handlers/resource.gdc
[  15% ] savepack | 正在保存文件：res://addons/godot_forge/handlers/run.gdc
[  15% ] savepack | 正在保存文件：res://addons/godot_forge/handlers/scene.gdc
[  16% ] savepack | 正在保存文件：res://addons/godot_forge/handlers/script.gdc
[  16% ] savepack | 正在保存文件：res://addons/godot_forge/handlers/shader.gdc
[  17% ] savepack | 正在保存文件：res://addons/godot_forge/handlers/signal.gdc
[  18% ] savepack | 正在保存文件：res://addons/godot_forge/handlers/test.gdc
[  18% ] savepack | 正在保存文件：res://addons/godot_forge/handlers/tiles.gdc
[  19% ] savepack | 正在保存文件：res://addons/godot_forge/handlers/ui.gdc
[  20% ] savepack | 正在保存文件：res://addons/godot_forge/handlers/view.gdc
[  20% ] savepack | 正在保存文件：res://addons/godot_forge/handlers/world3d.gdc
[  21% ] savepack | 正在保存文件：res://addons/godot_forge/runtime/debugger_bridge.gdc
[  21% ] savepack | 正在保存文件：res://addons/godot_forge/runtime/forge_runtime.gdc
[  22% ] savepack | 正在保存文件：res://addons/godot_forge/ui/agent_dock.gdc
[  23% ] savepack | 正在保存文件：res://addons/godot_forge/ui/review_dock.gdc
[  23% ] savepack | 正在保存文件：res://addons/godot_forge/plugin.gdc
[  24% ] savepack | 正在保存文件：res://app/v03/input_settings.gdc
[  24% ] savepack | 正在保存文件：res://app/v03/main.gdc
[  25% ] savepack | 正在保存文件：res://.godot/exported/133200997/export-55e85c9fa09b29877f3a4335e0d181e6-main.scn
[  26% ] savepack | 正在保存文件：res://app/input_settings.gdc
[  26% ] savepack | 正在保存文件：res://app/main.gdc
[  27% ] savepack | 正在保存文件：res://.godot/exported/133200997/export-9ff0e1e250cb8fd3ee3097246a3882c4-main.scn
[  27% ] savepack | 正在保存文件：res://app/world_frame.gdc
[  28% ] savepack | 正在保存文件：res://.godot/imported/confirm.wav-f384b89b03be0f4c54dea669aece985b.sample
[  28% ] savepack | 正在保存文件：res://assets/audio/confirm.wav.import
[  29% ] savepack | 正在保存文件：res://.godot/imported/NotoSansCJKsc-Regular.otf-234b66ec4f6090cf3cb4fe9bcf1a8765.fontdata
[  29% ] savepack | 正在保存文件：res://assets/fonts/NotoSansCJKsc-Regular.otf.import
[  29% ] savepack | 正在保存文件：res://.godot/imported/tiles.png-80fa71660d6f6d92fd9a9b571c5dbf64.ctex
[  29% ] savepack | 正在保存文件：res://assets/placeholder/tiles.png.import
[  30% ] savepack | 正在保存文件：res://.godot/exported/133200997/export-dbc327a1b47deedf089e1dd337a2ce0a-control.res
[  31% ] savepack | 正在保存文件：res://.godot/exported/133200997/export-0bc6dadccca72a56c4c837089abc8d19-domain.res
[  31% ] savepack | 正在保存文件：res://.godot/exported/133200997/export-54b48c68fa3e6b07bb31b32b9fadfe37-drag.res
[  32% ] savepack | 正在保存文件：res://.godot/exported/133200997/export-724012394302f2b75e440227e0ed5dee-experiment.res
[  32% ] savepack | 正在保存文件：res://.godot/exported/133200997/export-01bef7049f6b7b227a7c01f0a1c0bcb4-future.res
[  33% ] savepack | 正在保存文件：res://.godot/exported/133200997/export-5a56511fe2e1a8ecc9a79192dd3e1f22-gravity.res
[  33% ] savepack | 正在保存文件：res://.godot/exported/133200997/export-fab0dcbcff530dd085280d0e86f66e56-measurement.res
[  33% ] savepack | 正在保存文件：res://.godot/exported/133200997/export-4841a521618656ec086a23ac49a62c39-observe.res
[  34% ] savepack | 正在保存文件：res://.godot/exported/133200997/export-87c34589cd253392e87ad20a5ed48a99-rebuttal.res
[  34% ] savepack | 正在保存文件：res://.godot/exported/133200997/export-289646f1875779f143a0478d69220efe-repeat.res
[  35% ] savepack | 正在保存文件：res://.godot/exported/133200997/export-d02972cbb6155c3f4e58ba66a1d678d4-shape.res
[  36% ] savepack | 正在保存文件：res://.godot/exported/133200997/export-d145f364d5c526f9f662d4e20512d0d9-vacuum.res
[  36% ] savepack | 正在保存文件：res://.godot/exported/133200997/export-63bb53d173b13b57b9b27311280fd660-weight.res
[  37% ] savepack | 正在保存文件：res://.godot/exported/133200997/export-76bf428026e4c0f23554e9167d22ff2f-drag.res
[  38% ] savepack | 正在保存文件：res://.godot/exported/133200997/export-56f00af41f1b67f013110b173a3708f6-mass.res
[  38% ] savepack | 正在保存文件：res://.godot/exported/133200997/export-8c379cc556ce85e36bf1b49453094100-ball.res
[  39% ] savepack | 正在保存文件：res://.godot/exported/133200997/export-926f4762e878eaa6ab89186db3a642a9-paper.res
[  39% ] savepack | 正在保存文件：res://.godot/exported/133200997/export-22fcb366ad5f9b33eb7393594e6ca132-vacuum.res
[  40% ] savepack | 正在保存文件：res://.godot/exported/133200997/export-ae268384d8d07cdf8f575b381c36e6a2-drag.res
[  41% ] savepack | 正在保存文件：res://.godot/exported/133200997/export-cd2e8ce0024ab45c0440224c5666565e-future.res
[  41% ] savepack | 正在保存文件：res://.godot/exported/133200997/export-5ae138b62e5cd7df89ebc6a5457ca939-gravity.res
[  42% ] savepack | 正在保存文件：res://.godot/exported/133200997/export-35364a025ebf0dff45b9912819c4f0c6-observation.res
[  42% ] savepack | 正在保存文件：res://.godot/exported/133200997/export-8021fb3407b844adab0dc17a4763f49e-bellows.res
[  43% ] savepack | 正在保存文件：res://.godot/exported/133200997/export-55ab13d5f3f9550bcb3a97644845f2f2-hammer.res
[  44% ] savepack | 正在保存文件：res://.godot/exported/133200997/export-c06142dd2adc6c36fc0aa21bb17b1f48-patrol.res
[  44% ] savepack | 正在保存文件：res://.godot/exported/133200997/export-0c939b488be163109fa19686b1ed8871-archive.res
[  45% ] savepack | 正在保存文件：res://.godot/exported/133200997/export-3a5472ac6dba8c0d8f02ebc404e7b898-bellows.res
[  46% ] savepack | 正在保存文件：res://.godot/exported/133200997/export-b432846fba7d14f950087cfa8c0497f7-calibrate.res
[  46% ] savepack | 正在保存文件：res://.godot/exported/133200997/export-5e8eb6a1730433ecdd556f9971eb9477-chase.res
[  47% ] savepack | 正在保存文件：res://.godot/exported/133200997/export-3e0392ed596ce9525ea3da6a170d0d70-combat_bellows.res
[  47% ] savepack | 正在保存文件：res://.godot/exported/133200997/export-114e20fa5d49817d343e85605fbe9820-combat_hammer.res
[  48% ] savepack | 正在保存文件：res://.godot/exported/133200997/export-8c30425ed2e987cb8ca14f8a85594f18-combat_patrol.res
[  49% ] savepack | 正在保存文件：res://.godot/exported/133200997/export-91c47da19f0e39adfdfde471de5b0185-complete.res
[  49% ] savepack | 正在保存文件：res://.godot/exported/133200997/export-d307a8b6671a231c4086811ac0b76a58-gate.res
[  50% ] savepack | 正在保存文件：res://.godot/exported/133200997/export-3b5fbb4eead47953af91034cdd2feb6c-hammer.res
[  50% ] savepack | 正在保存文件：res://.godot/exported/133200997/export-3237de0f19a93e28dada524dd6b74c1f-joint.res
[  51% ] savepack | 正在保存文件：res://.godot/exported/133200997/export-861e445f7fa055b0e68451dfda557922-kit.res
[  52% ] savepack | 正在保存文件：res://.godot/exported/133200997/export-4d0143d8bf95682e2c2db70929179395-paper.res
[  52% ] savepack | 正在保存文件：res://.godot/exported/133200997/export-8c3a81aa911bdf4bb6778e38f6fafcb2-patrol.res
[  53% ] savepack | 正在保存文件：res://.godot/exported/133200997/export-0088192feec942ada92643ce8fa14718-record_a.res
[  53% ] savepack | 正在保存文件：res://.godot/exported/133200997/export-ab74718c7cb2b96eabec4bcb182a596e-record_b.res
[  54% ] savepack | 正在保存文件：res://.godot/exported/133200997/export-afe7156cf1afd007a4cf7799d7b0e6d1-retry.res
[  55% ] savepack | 正在保存文件：res://.godot/exported/133200997/export-0a061f5164950b62b02e1a33854125ed-rig.res
[  55% ] savepack | 正在保存文件：res://.godot/exported/133200997/export-e769d74e13d079050f66c6e8f045fe9a-seal.res
[  56% ] savepack | 正在保存文件：res://.godot/exported/133200997/export-0383ca9b5fe50212316dd5de8e1debab-submit.res
[  57% ] savepack | 正在保存文件：res://.godot/exported/133200997/export-860f7e6fbb351c9df53562f15ff4eddc-chapter.res
[  57% ] savepack | 正在保存文件：res://.godot/exported/133200997/export-175e13811926ad7f62335ca2c323b3e2-crumple.res
[  58% ] savepack | 正在保存文件：res://.godot/exported/133200997/export-409db4c3abab0e05d1b059a9d873eae7-fix.res
[  58% ] savepack | 正在保存文件：res://.godot/exported/133200997/export-10f3e2708a8525a771c62446c76052fd-future.res
[  59% ] savepack | 正在保存文件：res://.godot/exported/133200997/export-d2b0e7dedc7ce3fb130ca95800776ae5-pump.res
[  60% ] savepack | 正在保存文件：res://.godot/exported/133200997/export-647573ca5db58d940a5fa4839f53f99e-raise.res
[  60% ] savepack | 正在保存文件：res://.godot/exported/133200997/export-65d4e0dcdec24d2304c2316a6d4fa512-release_pair.res
[  61% ] savepack | 正在保存文件：res://.godot/exported/133200997/export-de9118ce3492001a7bde7b7880b0cc55-unfold.res
[  61% ] savepack | 正在保存文件：res://.godot/exported/133200997/export-969744868e38d193499f02855759d8f7-chapter.res
[  62% ] savepack | 正在保存文件：res://core/v03/action_def.gdc
[  63% ] savepack | 正在保存文件：res://core/v03/combat_session.gdc
[  63% ] savepack | 正在保存文件：res://core/v03/encounter_def.gdc
[  64% ] savepack | 正在保存文件：res://core/v03/game_session.gdc
[  65% ] savepack | 正在保存文件：res://core/v03/goal_def.gdc
[  65% ] savepack | 正在保存文件：res://core/v03/guide_director.gdc
[  66% ] savepack | 正在保存文件：res://core/v03/physics.gdc
[  66% ] savepack | 正在保存文件：res://core/v03/runtime_paths.gdc
[  66% ] savepack | 正在保存文件：res://core/v03/save_store.gdc
[  67% ] savepack | 正在保存文件：res://core/v03/save_validator.gdc
[  67% ] savepack | 正在保存文件：res://core/card_def.gdc
[  68% ] savepack | 正在保存文件：res://core/chapter_manifest.gdc
[  68% ] savepack | 正在保存文件：res://core/encounter_def.gdc
[  69% ] savepack | 正在保存文件：res://core/evidence_evaluator.gdc
[  70% ] savepack | 正在保存文件：res://core/experiment_def.gdc
[  70% ] savepack | 正在保存文件：res://core/experiment_model.gdc
[  71% ] savepack | 正在保存文件：res://core/game_content.gdc
[  72% ] savepack | 正在保存文件：res://core/game_session.gdc
[  72% ] savepack | 正在保存文件：res://core/knowledge_def.gdc
[  73% ] savepack | 正在保存文件：res://core/model_battle.gdc
[  73% ] savepack | 正在保存文件：res://core/runtime_paths.gdc
[  74% ] savepack | 正在保存文件：res://core/save_store.gdc
[  75% ] savepack | 正在保存文件：res://core/save_validator.gdc
[  75% ] savepack | 正在保存文件：res://qa/v03_routes/accept.json
[  76% ] savepack | 正在保存文件：res://qa/v03_routes/natural-keyboard.json
[  76% ] savepack | 正在保存文件：res://qa/v03_routes/refuse.json
[  77% ] savepack | 正在保存文件：res://qa/input_driver.gdc
[  78% ] savepack | 正在保存文件：res://qa/v03_input.gdc
[  78% ] savepack | 正在保存文件：res://qa/v03_input_driver.gdc
[  79% ] savepack | 正在保存文件：res://qa/v03_licenses.gdc
[  79% ] savepack | 正在保存文件：res://ui/v03/combat_view.gdc
[  80% ] savepack | 正在保存文件：res://ui/v03/controls.gdc
[  81% ] savepack | 正在保存文件：res://ui/v03/joint_readout.gdc
[  81% ] savepack | 正在保存文件：res://ui/v03/trajectory.gdc
[  82% ] savepack | 正在保存文件：res://ui/v03/verify_keyboard.gdc
[  83% ] savepack | 正在保存文件：res://ui/v03/verify_layout.gdc
[  83% ] savepack | 正在保存文件：res://ui/v03/verify_scene.gdc
[  84% ] savepack | 正在保存文件：res://ui/battle_view.gdc
[  84% ] savepack | 正在保存文件：res://.godot/exported/133200997/export-5cf897224b6188b18e9e83ead3574269-battle_view.scn
[  85% ] savepack | 正在保存文件：res://ui/causal_view.gdc
[  86% ] savepack | 正在保存文件：res://.godot/exported/133200997/export-6a261598d87e0b160307af4079c6fd52-causal_view.scn
[  86% ] savepack | 正在保存文件：res://ui/evidence_view_base.gdc
[  87% ] savepack | 正在保存文件：res://ui/experiment_view.gdc
[  87% ] savepack | 正在保存文件：res://.godot/exported/133200997/export-f6a13faf21af6cd1601ed4d0d5c80b89-experiment_view.scn
[  88% ] savepack | 正在保存文件：res://ui/game_ui.gdc
[  89% ] savepack | 正在保存文件：res://.godot/exported/133200997/export-c1fc1980bf63b0eb411d54c9b07e183d-game_ui.scn
[  89% ] savepack | 正在保存文件：res://ui/verify_layout.gdc
[  90% ] savepack | 正在保存文件：res://ui/verify_views.gdc
[  91% ] savepack | 正在保存文件：res://.godot/exported/133200997/export-5dcf441eb7ace4caefc4451a0ec993a9-archive.scn
[  91% ] savepack | 正在保存文件：res://.godot/exported/133200997/export-23f3a9d666ba87355e355cfe8d10d071-classroom.scn
[  92% ] savepack | 正在保存文件：res://.godot/exported/133200997/export-13e7972cdf802e14946bafa18569b60d-corridor.scn
[  92% ] savepack | 正在保存文件：res://.godot/exported/133200997/export-ef6a4ddf38552d8a931a8279d6ef800a-lab.scn
[  93% ] savepack | 正在保存文件：res://.godot/exported/133200997/export-eb04d3aab78f87434b94364763439c67-storage.scn
[  94% ] savepack | 正在保存文件：res://.godot/exported/133200997/export-dce9212e1a5db8b3859dcafd0d4717ca-tower.scn
[  94% ] savepack | 正在保存文件：res://world/v03/objects.gdc
[  95% ] savepack | 正在保存文件：res://world/lab_rig_visual.gdc
[  95% ] savepack | 正在保存文件：res://world/pixel_actor.gdc
[  96% ] savepack | 正在保存文件：res://.godot/exported/133200997/export-f0685ca1e3e3488eade67d347ee4000f-player.scn
[  97% ] savepack | 正在保存文件：res://world/prop.gdc
[  97% ] savepack | 正在保存文件：res://.godot/exported/133200997/export-6b8f99d4b78312e229cf713e5df51394-tileset.res
[  98% ] savepack | 正在保存文件：res://toolchain.lock.json
[  98% ] savepack | 正在保存文件：res://addons/godot_forge/core/context.gd.remap
[  98% ] savepack | 正在保存文件：res://addons/godot_forge/core/input_spec.gd.remap
[  98% ] savepack | 正在保存文件：res://addons/godot_forge/core/logger_capture.gd.remap
[  98% ] savepack | 正在保存文件：res://addons/godot_forge/core/router.gd.remap
[  98% ] savepack | 正在保存文件：res://addons/godot_forge/core/util.gd.remap
[  98% ] savepack | 正在保存文件：res://addons/godot_forge/core/ws_server.gd.remap
[  98% ] savepack | 正在保存文件：res://addons/godot_forge/handlers/animation.gd.remap
[  98% ] savepack | 正在保存文件：res://addons/godot_forge/handlers/assets.gd.remap
[  98% ] savepack | 正在保存文件：res://addons/godot_forge/handlers/audio.gd.remap
[  98% ] savepack | 正在保存文件：res://addons/godot_forge/handlers/base.gd.remap
[  98% ] savepack | 正在保存文件：res://addons/godot_forge/handlers/changes.gd.remap
[  98% ] savepack | 正在保存文件：res://addons/godot_forge/handlers/editor.gd.remap
[  98% ] savepack | 正在保存文件：res://addons/godot_forge/handlers/exec.gd.remap
[  98% ] savepack | 正在保存文件：res://addons/godot_forge/handlers/export.gd.remap
[  98% ] savepack | 正在保存文件：res://addons/godot_forge/handlers/files.gd.remap
[  98% ] savepack | 正在保存文件：res://addons/godot_forge/handlers/game.gd.remap
[  98% ] savepack | 正在保存文件：res://addons/godot_forge/handlers/introspect.gd.remap
[  98% ] savepack | 正在保存文件：res://addons/godot_forge/handlers/navigation.gd.remap
[  98% ] savepack | 正在保存文件：res://addons/godot_forge/handlers/node.gd.remap
[  98% ] savepack | 正在保存文件：res://addons/godot_forge/handlers/particles.gd.remap
[  98% ] savepack | 正在保存文件：res://addons/godot_forge/handlers/physics.gd.remap
[  98% ] savepack | 正在保存文件：res://addons/godot_forge/handlers/project.gd.remap
[  98% ] savepack | 正在保存文件：res://addons/godot_forge/handlers/resource.gd.remap
[  98% ] savepack | 正在保存文件：res://addons/godot_forge/handlers/run.gd.remap
[  98% ] savepack | 正在保存文件：res://addons/godot_forge/handlers/scene.gd.remap
[  98% ] savepack | 正在保存文件：res://addons/godot_forge/handlers/script.gd.remap
[  98% ] savepack | 正在保存文件：res://addons/godot_forge/handlers/shader.gd.remap
[  98% ] savepack | 正在保存文件：res://addons/godot_forge/handlers/signal.gd.remap
[  98% ] savepack | 正在保存文件：res://addons/godot_forge/handlers/test.gd.remap
[  98% ] savepack | 正在保存文件：res://addons/godot_forge/handlers/tiles.gd.remap
[  98% ] savepack | 正在保存文件：res://addons/godot_forge/handlers/ui.gd.remap
[  98% ] savepack | 正在保存文件：res://addons/godot_forge/handlers/view.gd.remap
[  98% ] savepack | 正在保存文件：res://addons/godot_forge/handlers/world3d.gd.remap
[  98% ] savepack | 正在保存文件：res://addons/godot_forge/runtime/debugger_bridge.gd.remap
[  98% ] savepack | 正在保存文件：res://addons/godot_forge/runtime/forge_runtime.gd.remap
[  98% ] savepack | 正在保存文件：res://addons/godot_forge/ui/agent_dock.gd.remap
[  98% ] savepack | 正在保存文件：res://addons/godot_forge/ui/review_dock.gd.remap
[  98% ] savepack | 正在保存文件：res://addons/godot_forge/plugin.gd.remap
[  98% ] savepack | 正在保存文件：res://app/v03/input_settings.gd.remap
[  98% ] savepack | 正在保存文件：res://app/v03/main.gd.remap
[  98% ] savepack | 正在保存文件：res://app/v03/main.tscn.remap
[  98% ] savepack | 正在保存文件：res://app/input_settings.gd.remap
[  98% ] savepack | 正在保存文件：res://app/main.gd.remap
[  98% ] savepack | 正在保存文件：res://app/main.tscn.remap
[  98% ] savepack | 正在保存文件：res://app/world_frame.gd.remap
[  98% ] savepack | 正在保存文件：res://content/cards/control.tres.remap
[  98% ] savepack | 正在保存文件：res://content/cards/domain.tres.remap
[  98% ] savepack | 正在保存文件：res://content/cards/drag.tres.remap
[  98% ] savepack | 正在保存文件：res://content/cards/experiment.tres.remap
[  98% ] savepack | 正在保存文件：res://content/cards/future.tres.remap
[  98% ] savepack | 正在保存文件：res://content/cards/gravity.tres.remap
[  98% ] savepack | 正在保存文件：res://content/cards/measurement.tres.remap
[  98% ] savepack | 正在保存文件：res://content/cards/observe.tres.remap
[  98% ] savepack | 正在保存文件：res://content/cards/rebuttal.tres.remap
[  98% ] savepack | 正在保存文件：res://content/cards/repeat.tres.remap
[  98% ] savepack | 正在保存文件：res://content/cards/shape.tres.remap
[  98% ] savepack | 正在保存文件：res://content/cards/vacuum.tres.remap
[  98% ] savepack | 正在保存文件：res://content/cards/weight.tres.remap
[  98% ] savepack | 正在保存文件：res://content/encounters/drag.tres.remap
[  98% ] savepack | 正在保存文件：res://content/encounters/mass.tres.remap
[  98% ] savepack | 正在保存文件：res://content/experiments/ball.tres.remap
[  98% ] savepack | 正在保存文件：res://content/experiments/paper.tres.remap
[  98% ] savepack | 正在保存文件：res://content/experiments/vacuum.tres.remap
[  98% ] savepack | 正在保存文件：res://content/knowledge/drag.tres.remap
[  98% ] savepack | 正在保存文件：res://content/knowledge/future.tres.remap
[  98% ] savepack | 正在保存文件：res://content/knowledge/gravity.tres.remap
[  98% ] savepack | 正在保存文件：res://content/knowledge/observation.tres.remap
[  98% ] savepack | 正在保存文件：res://content/v03/encounters/bellows.tres.remap
[  98% ] savepack | 正在保存文件：res://content/v03/encounters/hammer.tres.remap
[  98% ] savepack | 正在保存文件：res://content/v03/encounters/patrol.tres.remap
[  98% ] savepack | 正在保存文件：res://content/v03/goals/archive.tres.remap
[  98% ] savepack | 正在保存文件：res://content/v03/goals/bellows.tres.remap
[  98% ] savepack | 正在保存文件：res://content/v03/goals/calibrate.tres.remap
[  98% ] savepack | 正在保存文件：res://content/v03/goals/chase.tres.remap
[  98% ] savepack | 正在保存文件：res://content/v03/goals/combat_bellows.tres.remap
[  98% ] savepack | 正在保存文件：res://content/v03/goals/combat_hammer.tres.remap
[  98% ] savepack | 正在保存文件：res://content/v03/goals/combat_patrol.tres.remap
[  98% ] savepack | 正在保存文件：res://content/v03/goals/complete.tres.remap
[  98% ] savepack | 正在保存文件：res://content/v03/goals/gate.tres.remap
[  98% ] savepack | 正在保存文件：res://content/v03/goals/hammer.tres.remap
[  98% ] savepack | 正在保存文件：res://content/v03/goals/joint.tres.remap
[  98% ] savepack | 正在保存文件：res://content/v03/goals/kit.tres.remap
[  98% ] savepack | 正在保存文件：res://content/v03/goals/paper.tres.remap
[  98% ] savepack | 正在保存文件：res://content/v03/goals/patrol.tres.remap
[  98% ] savepack | 正在保存文件：res://content/v03/goals/record_a.tres.remap
[  98% ] savepack | 正在保存文件：res://content/v03/goals/record_b.tres.remap
[  98% ] savepack | 正在保存文件：res://content/v03/goals/retry.tres.remap
[  98% ] savepack | 正在保存文件：res://content/v03/goals/rig.tres.remap
[  98% ] savepack | 正在保存文件：res://content/v03/goals/seal.tres.remap
[  98% ] savepack | 正在保存文件：res://content/v03/goals/submit.tres.remap
[  98% ] savepack | 正在保存文件：res://content/v03/chapter.tres.remap
[  98% ] savepack | 正在保存文件：res://content/v03/crumple.tres.remap
[  98% ] savepack | 正在保存文件：res://content/v03/fix.tres.remap
[  98% ] savepack | 正在保存文件：res://content/v03/future.tres.remap
[  98% ] savepack | 正在保存文件：res://content/v03/pump.tres.remap
[  98% ] savepack | 正在保存文件：res://content/v03/raise.tres.remap
[  98% ] savepack | 正在保存文件：res://content/v03/release_pair.tres.remap
[  98% ] savepack | 正在保存文件：res://content/v03/unfold.tres.remap
[  98% ] savepack | 正在保存文件：res://content/chapter.tres.remap
[  98% ] savepack | 正在保存文件：res://core/v03/action_def.gd.remap
[  98% ] savepack | 正在保存文件：res://core/v03/combat_session.gd.remap
[  98% ] savepack | 正在保存文件：res://core/v03/encounter_def.gd.remap
[  98% ] savepack | 正在保存文件：res://core/v03/game_session.gd.remap
[  98% ] savepack | 正在保存文件：res://core/v03/goal_def.gd.remap
[  98% ] savepack | 正在保存文件：res://core/v03/guide_director.gd.remap
[  98% ] savepack | 正在保存文件：res://core/v03/physics.gd.remap
[  98% ] savepack | 正在保存文件：res://core/v03/runtime_paths.gd.remap
[  98% ] savepack | 正在保存文件：res://core/v03/save_store.gd.remap
[  98% ] savepack | 正在保存文件：res://core/v03/save_validator.gd.remap
[  98% ] savepack | 正在保存文件：res://core/card_def.gd.remap
[  98% ] savepack | 正在保存文件：res://core/chapter_manifest.gd.remap
[  98% ] savepack | 正在保存文件：res://core/encounter_def.gd.remap
[  98% ] savepack | 正在保存文件：res://core/evidence_evaluator.gd.remap
[  98% ] savepack | 正在保存文件：res://core/experiment_def.gd.remap
[  98% ] savepack | 正在保存文件：res://core/experiment_model.gd.remap
[  98% ] savepack | 正在保存文件：res://core/game_content.gd.remap
[  98% ] savepack | 正在保存文件：res://core/game_session.gd.remap
[  98% ] savepack | 正在保存文件：res://core/knowledge_def.gd.remap
[  98% ] savepack | 正在保存文件：res://core/model_battle.gd.remap
[  98% ] savepack | 正在保存文件：res://core/runtime_paths.gd.remap
[  98% ] savepack | 正在保存文件：res://core/save_store.gd.remap
[  98% ] savepack | 正在保存文件：res://core/save_validator.gd.remap
[  98% ] savepack | 正在保存文件：res://qa/input_driver.gd.remap
[  98% ] savepack | 正在保存文件：res://qa/v03_input.gd.remap
[  98% ] savepack | 正在保存文件：res://qa/v03_input_driver.gd.remap
[  98% ] savepack | 正在保存文件：res://qa/v03_licenses.gd.remap
[  98% ] savepack | 正在保存文件：res://ui/v03/combat_view.gd.remap
[  98% ] savepack | 正在保存文件：res://ui/v03/controls.gd.remap
[  98% ] savepack | 正在保存文件：res://ui/v03/joint_readout.gd.remap
[  98% ] savepack | 正在保存文件：res://ui/v03/trajectory.gd.remap
[  98% ] savepack | 正在保存文件：res://ui/v03/verify_keyboard.gd.remap
[  98% ] savepack | 正在保存文件：res://ui/v03/verify_layout.gd.remap
[  98% ] savepack | 正在保存文件：res://ui/v03/verify_scene.gd.remap
[  98% ] savepack | 正在保存文件：res://ui/battle_view.gd.remap
[  98% ] savepack | 正在保存文件：res://ui/battle_view.tscn.remap
[  98% ] savepack | 正在保存文件：res://ui/causal_view.gd.remap
[  98% ] savepack | 正在保存文件：res://ui/causal_view.tscn.remap
[  98% ] savepack | 正在保存文件：res://ui/evidence_view_base.gd.remap
[  98% ] savepack | 正在保存文件：res://ui/experiment_view.gd.remap
[  98% ] savepack | 正在保存文件：res://ui/experiment_view.tscn.remap
[  98% ] savepack | 正在保存文件：res://ui/game_ui.gd.remap
[  98% ] savepack | 正在保存文件：res://ui/game_ui.tscn.remap
[  98% ] savepack | 正在保存文件：res://ui/verify_layout.gd.remap
[  98% ] savepack | 正在保存文件：res://ui/verify_views.gd.remap
[  98% ] savepack | 正在保存文件：res://world/rooms/archive.tscn.remap
[  98% ] savepack | 正在保存文件：res://world/rooms/classroom.tscn.remap
[  98% ] savepack | 正在保存文件：res://world/rooms/corridor.tscn.remap
[  98% ] savepack | 正在保存文件：res://world/rooms/lab.tscn.remap
[  98% ] savepack | 正在保存文件：res://world/rooms/storage.tscn.remap
[  98% ] savepack | 正在保存文件：res://world/rooms/tower.tscn.remap
[  98% ] savepack | 正在保存文件：res://world/v03/objects.gd.remap
[  98% ] savepack | 正在保存文件：res://world/lab_rig_visual.gd.remap
[  98% ] savepack | 正在保存文件：res://world/pixel_actor.gd.remap
[  98% ] savepack | 正在保存文件：res://world/player.tscn.remap
[  98% ] savepack | 正在保存文件：res://world/prop.gd.remap
[  98% ] savepack | 正在保存文件：res://world/tileset.tres.remap
[  98% ] savepack | 正在保存文件：res://.godot/global_script_class_cache.cfg
[  98% ] savepack | 正在保存文件：res://.godot/uid_cache.bin
[  98% ] savepack | 正在保存文件：res://project.binary
[ DONE ] savepack

